21:52:27 **** Incremental Build of configuration Debug for project 1_led_toggle_addr_struct ****
make -j16 all 
arm-none-eabi-gcc -o "1_led_toggle_addr_struct.elf" @"objects.list"   -mcpu=cortex-m3 -T"C:\Users\MSI\Documents\STM32-BluePill-BareMetal-Comm-drivers\STM32_Driver_Dev\1_led_toggle_addr_struct\STM32F103C6TX_FLASH.ld" --specs=nosys.specs -Wl,-Map="1_led_toggle_addr_struct.map" -Wl,--gc-sections -static --specs=nano.specs -mfloat-abi=soft -mthumb -Wl,--start-group -lc -lm -Wl,--end-group
Finished building target: 1_led_toggle_addr_struct.elf
 
arm-none-eabi-size  1_led_toggle_addr_struct.elf 
arm-none-eabi-objdump -h -S 1_led_toggle_addr_struct.elf  > "1_led_toggle_addr_struct.list"
   text	   data	    bss	    dec	    hex	filename
    668	      0	   1568	   2236	    8bc	1_led_toggle_addr_struct.elf
Finished building: default.size.stdout
 
Finished building: 1_led_toggle_addr_struct.list
 

21:52:29 Build Finished. 0 errors, 0 warnings. (took 1s.256ms)

