22:16:54 **** Incremental Build of configuration Debug for project 2_GPIO_Driver ****
make -j16 all 
arm-none-eabi-size  2_GPIO_Driver.elf 
   text	   data	    bss	    dec	    hex	filename
    700	      0	   1568	   2268	    8dc	2_GPIO_Driver.elf
Finished building: default.size.stdout
 
22:17:12 **** Incremental Build of configuration Debug for project 2_GPIO_Driver ****
make -j16 all 
arm-none-eabi-size  2_GPIO_Driver.elf 
   text	   data	    bss	    dec	    hex	filename
    700	      0	   1568	   2268	    8dc	2_GPIO_Driver.elf
Finished building: default.size.stdout
 
