22:55:20 **** Incremental Build of configuration Debug for project 2_GPIO_Driver ****
make -j16 all 
arm-none-eabi-gcc "../Src/main.c" -mcpu=cortex-m3 -std=gnu11 -g3 -DDEBUG -DSTM32 -DSTM32F1 -DSTM32F103C6Tx -DSTM32F103x6 -c -I../Inc -I"C:/Users/MSI/Documents/STM32-BluePill-BareMetal-Comm-drivers/STM32_Driver_Dev/Chip_Headers/CMSIS/Device/ST/STM32F1xx/Include" -I"C:/Users/MSI/Documents/STM32-BluePill-BareMetal-Comm-drivers/STM32_Driver_Dev/Chip_Headers/CMSIS/Include" -O0 -ffunction-sections -fdata-sections -Wall -fstack-usage -fcyclomatic-complexity -MMD -MP -MF"Src/main.d" -MT"Src/main.o" --specs=nano.specs -mfloat-abi=soft -mthumb -o "Src/main.o"
arm-none-eabi-gcc -o "2_GPIO_Driver.elf" @"objects.list"   -mcpu=cortex-m3 -T"C:\Users\MSI\Documents\STM32-BluePill-BareMetal-Comm-drivers\STM32_Driver_Dev\2_GPIO_Driver\STM32F103C6TX_FLASH.ld" --specs=nosys.specs -Wl,-Map="2_GPIO_Driver.map" -Wl,--gc-sections -static --specs=nano.specs -mfloat-abi=soft -mthumb -Wl,--start-group -lc -lm -Wl,--end-group
Finished building target: 2_GPIO_Driver.elf
 
arm-none-eabi-size  2_GPIO_Driver.elf 
arm-none-eabi-objdump -h -S 2_GPIO_Driver.elf  > "2_GPIO_Driver.list"
   text	   data	    bss	    dec	    hex	filename
    716	      0	   1568	   2284	    8ec	2_GPIO_Driver.elf
Finished building: default.size.stdout
 
Finished building: 2_GPIO_Driver.list
 
22:55:35 **** Incremental Build of configuration Debug for project 2_GPIO_Driver ****
make -j16 all 
arm-none-eabi-size  2_GPIO_Driver.elf 
   text	   data	    bss	    dec	    hex	filename
    716	      0	   1568	   2284	    8ec	2_GPIO_Driver.elf
Finished building: default.size.stdout
 
22:57:22 **** Incremental Build of configuration Debug for project 2_GPIO_Driver ****
make -j16 all 
arm-none-eabi-gcc "../Src/main.c" -mcpu=cortex-m3 -std=gnu11 -g3 -DDEBUG -DSTM32 -DSTM32F1 -DSTM32F103C6Tx -DSTM32F103x6 -c -I../Inc -I"C:/Users/MSI/Documents/STM32-BluePill-BareMetal-Comm-drivers/STM32_Driver_Dev/Chip_Headers/CMSIS/Device/ST/STM32F1xx/Include" -I"C:/Users/MSI/Documents/STM32-BluePill-BareMetal-Comm-drivers/STM32_Driver_Dev/Chip_Headers/CMSIS/Include" -O0 -ffunction-sections -fdata-sections -Wall -fstack-usage -fcyclomatic-complexity -MMD -MP -MF"Src/main.d" -MT"Src/main.o" --specs=nano.specs -mfloat-abi=soft -mthumb -o "Src/main.o"
arm-none-eabi-gcc -o "2_GPIO_Driver.elf" @"objects.list"   -mcpu=cortex-m3 -T"C:\Users\MSI\Documents\STM32-BluePill-BareMetal-Comm-drivers\STM32_Driver_Dev\2_GPIO_Driver\STM32F103C6TX_FLASH.ld" --specs=nosys.specs -Wl,-Map="2_GPIO_Driver.map" -Wl,--gc-sections -static --specs=nano.specs -mfloat-abi=soft -mthumb -Wl,--start-group -lc -lm -Wl,--end-group
Finished building target: 2_GPIO_Driver.elf
 
arm-none-eabi-size  2_GPIO_Driver.elf 
arm-none-eabi-objdump -h -S 2_GPIO_Driver.elf  > "2_GPIO_Driver.list"
   text	   data	    bss	    dec	    hex	filename
    708	      0	   1568	   2276	    8e4	2_GPIO_Driver.elf
Finished building: default.size.stdout
 
Finished building: 2_GPIO_Driver.list
 
